#-----------------------------------------------------------
# Vivado v2019.1 (64-bit)
# SW Build 2552052 on Fri May 24 14:49:42 MDT 2019
# IP Build 2548770 on Fri May 24 18:01:18 MDT 2019
# Start of session at: Sun Dec  1 15:48:56 2019
# Process ID: 29372
# Current directory: C:/Users/5GreeDoeGree/Desktop/kingbatnae
# Command line: vivado.exe -gui_launcher_event rodinguilauncherevent8316 C:\Users\5GreeDoeGree\Desktop\kingbatnae\kingbatnae.xpr
# Log file: C:/Users/5GreeDoeGree/Desktop/kingbatnae/vivado.log
# Journal file: C:/Users/5GreeDoeGree/Desktop/kingbatnae\vivado.jou
#-----------------------------------------------------------
start_gui
open_project C:/Users/5GreeDoeGree/Desktop/kingbatnae/kingbatnae.xpr
update_compile_order -fileset sources_1
# Disabling source management mode.  This is to allow the top design properties to be set without GUI intervention.
set_property source_mgmt_mode None [current_project]
set_property top JKFlipFlop [get_filesets sim_1]
set_property top_lib xil_defaultlib [get_filesets sim_1]
# Re-enabling previously disabled source management mode.
set_property source_mgmt_mode All [current_project]
update_compile_order -fileset sim_1
launch_simulation
source JKFlipFlop.tcl
close_sim
launch_simulation
source JKFlipFlop.tcl
# Disabling source management mode.  This is to allow the top design properties to be set without GUI intervention.
set_property source_mgmt_mode None [current_project]
set_property top JKFlipFlop [current_fileset]
# Re-enabling previously disabled source management mode.
set_property source_mgmt_mode All [current_project]
close_sim
launch_simulation
source JKFlipFlop.tcl
# Disabling source management mode.  This is to allow the top design properties to be set without GUI intervention.
set_property source_mgmt_mode None [current_project]
set_property top jkffsim [get_filesets sim_1]
set_property top_lib xil_defaultlib [get_filesets sim_1]
# Re-enabling previously disabled source management mode.
set_property source_mgmt_mode All [current_project]
update_compile_order -fileset sim_1
launch_simulation
close_sim
launch_simulation
source jkffsim.tcl
close_sim
launch_simulation
source jkffsim.tcl
close_sim
synth_design -rtl -name rtl_1
